################################################################################
#                                                                              #
#      IAR Universal Linker V6.6.1.103                                         #
#                                                                              #
#           Link time     =  21/Nov/2020  15:05:01                             #
#           Target CPU    =  A90                                               #
#           List file     =  C:\GitHub\OldElectronicProjects\Mega128\Mission20 #
#                            1009_iar\Release\List\prj1119.map                 #
#           Output file 1 =  C:\GitHub\OldElectronicProjects\Mega128\Mission20 #
#                            1009_iar\Release\Exe\prj1119.hex                  #
#                            Format: intel-standard, variant: -Y0              #
#           Command line  =  -f C:\Users\tpxdk\AppData\Local\Temp\EW124E.tmp   #
#                            (C:\GitHub\OldElectronicProjects\Mega128\Mission2 #
#                            01009_iar\Release\Obj\main.r90                    #
#                            -o                                                #
#                            C:\GitHub\OldElectronicProjects\Mega128\Mission20 #
#                            1009_iar\Release\Exe\prj1119.hex                  #
#                            -Fintel-standard -Y0 -l                           #
#                            C:\GitHub\OldElectronicProjects\Mega128\Mission20 #
#                            1009_iar\Release\List\prj1119.map                 #
#                            -xms                                              #
#                            "-IC:\Program Files (x86)\IAR Systems\Embedded Wo #
#                            rkbench 8.4\avr\LIB\\"                            #
#                            -f                                                #
#                            "C:\Program Files (x86)\IAR Systems\Embedded Work #
#                            bench 8.4\avr\src\template\cfgm128a.xcl"          #
#                            (-D_..X_INTVEC_SIZE=8C -D_..X_FLASH_END=1FFFF     #
#                            -D_..X_FLASH_NEND=FFFF -D_..X_SRAM_BASE=100       #
#                            -D_..X_SRAM_TBASE=0 -D_..X_SRAM_TSIZE=0           #
#                            -D_..X_SRAM_END=10FF -D_..X_EEPROM_START=0        #
#                            -D_..X_EEPROM_END=FFF) -D_..X_HEAP_SIZE=0         #
#                            -D_..X_TINY_HEAP_SIZE=0                           #
#                            -D_..X_NEAR_HEAP_SIZE=20 -D_..X_FAR_HEAP_SIZE=0   #
#                            -D_..X_HUGE_HEAP_SIZE=0 -D_..X_CSTACK_SIZE=20     #
#                            -D_..X_RSTACK_SIZE=20                             #
#                            -D_..X_FLASH_CODE_END=1FFFF -f                    #
#                            "C:\Program Files (x86)\IAR Systems\Embedded Work #
#                            bench 8.4\avr\src\template\cfg3soim.xcl"          #
#                            (-ca90 -w29                                       #
#                            -Z(CODE)INTVEC=0-(_..X_INTVEC_SIZE-1)             #
#                            -Z(CODE)TINY_F=_..X_FLASH_BASE-FF                 #
#                            -Z(CODE)NEAR_F=_..X_FLASH_BASE-_..X_FLASH_NEND    #
#                            -Z(CODE)SWITCH=_..X_FLASH_BASE-_..X_FLASH_NEND    #
#                            -Z(CODE)DIFUNCT=_..X_FLASH_BASE-_..X_FLASH_NEND   #
#                            -Z(CODE)CODE=_..X_FLASH_BASE-_..X_FLASH_END       #
#                            -P(CODE)FAR_F=[_..X_FLASH_BASE-_..X_FLASH_END]/10 #
#                            000                                               #
#                            -Z(CODE)INITTAB=_..X_FLASH_BASE-_..X_FLASH_END    #
#                            -Z(CODE)HUGE_F=_..X_FLASH_BASE-_..X_FLASH_END     #
#                            -Z(CODE)TINY_ID=_..X_FLASH_BASE-_..X_FLASH_END    #
#                            -Z(CODE)NEAR_ID=_..X_FLASH_BASE-_..X_FLASH_END    #
#                            -Z(CODE)CHECKSUM#_..X_FLASH_END                   #
#                            -Z(DATA)TINY_I,TINY_Z,TINY_N=_..X_SRAM_TBASE:+_.. #
#                            X_SRAM_TSIZE                                      #
#                            -Z(DATA)CSTACK+_..X_CSTACK_SIZE=_..X_CSTACK_BASE- #
#                            _..X_CSTACK_END                                   #
#                            -Z(DATA)HEAP+_..X_HEAP_SIZE=_..X_SRAM_BASE-_..X_S #
#                            RAM_END                                           #
#                            -Z(DATA)IOSTREAM_N#_..X_SRAM_BASE-_..X_SRAM_END   #
#                            -Z(DATA)NEAR_HEAP+_..X_NEAR_HEAP_SIZE=_..X_SRAM_B #
#                            ASE-_..X_SRAM_END                                 #
#                            -Z(DATA)RSTACK+_..X_RSTACK_SIZE=_..X_RSTACK_BASE- #
#                            _..X_RSTACK_END                                   #
#                            -Z(DATA)NEAR_I,NEAR_Z,NEAR_N=_..X_SRAM_BASE-_..X_ #
#                            SRAM_END                                          #
#                            -Z(XDATA)EEPROM_I,EEPROM_N=_..X_EEPROM_START-_..X #
#                            _EEPROM_END)                                      #
#                            -D_..X_FLASH_BASE=_..X_INTVEC_SIZE                #
#                            -h'1895'(CODE)0-(_..X_INTVEC_SIZE-1)              #
#                            --global_fill                                     #
#                            -D_..X_EXT_SRAM_BASE=_..X_SRAM_END                #
#                            -D_..X_EXT_SRAM_SIZE=0                            #
#                            -D_..X_EXT_ROM_BASE=_..X_SRAM_END                 #
#                            -D_..X_EXT_ROM_SIZE=0                             #
#                            -D_..X_EXT_NV_BASE=_..X_SRAM_END                  #
#                            -D_..X_EXT_NV_SIZE=0                              #
#                            -D_..X_CSTACK_BASE=_..X_SRAM_BASE                 #
#                            -D_..X_CSTACK_END=_..X_SRAM_END                   #
#                            -D_..X_RSTACK_BASE=_..X_SRAM_BASE                 #
#                            -D_..X_RSTACK_END=_..X_SRAM_END -s                #
#                            __program_start                                   #
#                            "C:\Program Files (x86)\IAR Systems\Embedded Work #
#                            bench 8.4\avr\LIB\DLIB\dlAVR-3s-ec_mul-n.r90")    #
#                                                                              #
#                           Copyright (C) 1987-2019 IAR Systems AB.            #
################################################################################





                ****************************************
                *                                      *
                *           CROSS REFERENCE            *
                *                                      *
                ****************************************

       Program entry at : CODE      0000021C  Relocatable, from module : ?C_STARTUP




                ****************************************
                *                                      *
                *            RUNTIME MODEL             *
                *                                      *
                ****************************************

  R10                        = REG
  R11                        = REG
  R4                         = REG
  R5                         = REG
  R6                         = REG
  R7                         = REG
  R8                         = REG
  R9                         = REG
  __64bit_doubles            = disabled
  __Heap_Handler             = Basic
  __SystemLibrary            = DLib
  __cpu                      = 3
  __cpu_name                 = ATmega128A
  __dlib_file_descriptor     = 0
  __dlib_full_locale_support = 0
  __enhanced_core            = enabled
  __has_elpm                 = true
  __memory_model             = 2
  __no_rampd                 = enabled
  __rt_version               = 3
  __tiny_avr                 = false
  __vtable_memory            = __nearflash

                ****************************************
                *                                      *
                *    AUTOMATIC SYMBOL REDIRECTIONS     *
                *                                      *
                ****************************************

                  There are no automatic symbol redirections.



                ****************************************
                *                                      *
                *              MODULE MAP              *
                *                                      *
                ****************************************


  DEFINED ABSOLUTE ENTRIES
  PROGRAM MODULE, NAME : ?ABS_ENTRY_MOD

Absolute parts
           ENTRY                   ADDRESS         REF BY
           =====                   =======         ======
           _..X_RSTACK_END         000010FF 
           _..X_RSTACK_BASE        00000100 
           _..X_CSTACK_END         000010FF 
           _..X_CSTACK_BASE        00000100 
           _..X_EXT_NV_SIZE        00000000 
           _..X_EXT_NV_BASE        000010FF 
           _..X_EXT_ROM_SIZE       00000000 
           _..X_EXT_ROM_BASE       000010FF 
           _..X_EXT_SRAM_SIZE      00000000 
           _..X_EXT_SRAM_BASE      000010FF 
           _..X_FLASH_BASE         0000008C 
           _..X_FLASH_CODE_END     0001FFFF 
           _..X_RSTACK_SIZE        00000020 
           _..X_CSTACK_SIZE        00000020 
           _..X_HUGE_HEAP_SIZE     00000000 
           _..X_FAR_HEAP_SIZE      00000000 
           _..X_NEAR_HEAP_SIZE     00000020 
           _..X_TINY_HEAP_SIZE     00000000 
           _..X_HEAP_SIZE          00000000 
           _..X_EEPROM_END         00000FFF 
           _..X_EEPROM_START       00000000 
           _..X_SRAM_END           000010FF 
           _..X_SRAM_TSIZE         00000000 
           _..X_SRAM_TBASE         00000000 
           _..X_SRAM_BASE          00000100 
           _..X_FLASH_NEND         0000FFFF 
           _..X_FLASH_END          0001FFFF 
           _..X_INTVEC_SIZE        0000008C 
    *************************************************************************

  FILE NAME : C:\GitHub\OldElectronicProjects\Mega128\Mission201009_iar\Release\Obj\main.r90
  PROGRAM MODULE, NAME : main

  SEGMENTS IN THE MODULE
  ======================
ABSOLUTE
  Relative segment, address: DATA 00000022 - 00000022 (0x1 bytes), align: 0
  Segment part 1. ROOT        Intra module refs:   main
           ENTRY                   ADDRESS         REF BY
           =====                   =======         ======
           _A_DDRE                 00000022 
    -------------------------------------------------------------------------
ABSOLUTE
  Relative segment, address: DATA 00000023 - 00000023 (0x1 bytes), align: 0
  Segment part 2. ROOT        Intra module refs:   display
                                                   main
           ENTRY                   ADDRESS         REF BY
           =====                   =======         ======
           _A_PORTE                00000023 
    -------------------------------------------------------------------------
ABSOLUTE
  Relative segment, address: DATA 00000034 - 00000034 (0x1 bytes), align: 0
  Segment part 3. ROOT 
           ENTRY                   ADDRESS         REF BY
           =====                   =======         ======
           _A_DDRC                 00000034 
    -------------------------------------------------------------------------
ABSOLUTE
  Relative segment, address: DATA 00000035 - 00000035 (0x1 bytes), align: 0
  Segment part 4. ROOT        Intra module refs:   main
           ENTRY                   ADDRESS         REF BY
           =====                   =======         ======
           _A_PORTC                00000035 
    -------------------------------------------------------------------------
ABSOLUTE
  Relative segment, address: DATA 00000037 - 00000037 (0x1 bytes), align: 0
  Segment part 5. ROOT        Intra module refs:   main
           ENTRY                   ADDRESS         REF BY
           =====                   =======         ======
           _A_DDRB                 00000037 
    -------------------------------------------------------------------------
ABSOLUTE
  Relative segment, address: DATA 00000038 - 00000038 (0x1 bytes), align: 0
  Segment part 6. ROOT        Intra module refs:   display
                                                   main
           ENTRY                   ADDRESS         REF BY
           =====                   =======         ======
           _A_PORTB                00000038 
    -------------------------------------------------------------------------
ABSOLUTE
  Relative segment, address: DATA 00000039 - 00000039 (0x1 bytes), align: 0
  Segment part 7. ROOT        Intra module refs:   led
           ENTRY                   ADDRESS         REF BY
           =====                   =======         ======
           _A_PINA                 00000039 
    -------------------------------------------------------------------------
ABSOLUTE
  Relative segment, address: DATA 0000003A - 0000003A (0x1 bytes), align: 0
  Segment part 8. ROOT        Intra module refs:   main
           ENTRY                   ADDRESS         REF BY
           =====                   =======         ======
           _A_DDRA                 0000003A 
    -------------------------------------------------------------------------
ABSOLUTE
  Relative segment, address: DATA 0000003B - 0000003B (0x1 bytes), align: 0
  Segment part 9. ROOT 
           ENTRY                   ADDRESS         REF BY
           =====                   =======         ======
           _A_PORTA                0000003B 
    -------------------------------------------------------------------------
ABSOLUTE
  Relative segment, address: DATA 00000061 - 00000061 (0x1 bytes), align: 0
  Segment part 10. ROOT       Intra module refs:   main
           ENTRY                   ADDRESS         REF BY
           =====                   =======         ======
           _A_DDRF                 00000061 
    -------------------------------------------------------------------------
ABSOLUTE
  Relative segment, address: DATA 00000062 - 00000062 (0x1 bytes), align: 0
  Segment part 11. ROOT 
           ENTRY                   ADDRESS         REF BY
           =====                   =======         ======
           _A_PORTF                00000062 
    -------------------------------------------------------------------------
NEAR_Z
  Relative segment, address: DATA 0000015A - 0000015A (0x1 bytes), align: 0
  Segment part 22.            Intra module refs:   TIMER1_OVF_intterupt
           ENTRY                   ADDRESS         REF BY
           =====                   =======         ======
           num_count               0000015A 
    -------------------------------------------------------------------------
NEAR_I
  Relative segment, address: DATA 00000140 - 00000159 (0x1a bytes), align: 0
  Segment part 19.            Intra module refs:   Segment part 54
                                                   Segment part 55
                                                   display
                                                   led
           ENTRY                   ADDRESS         REF BY
           =====                   =======         ======
           bpm                     00000140 
           cnt                     00000144 
           flag                    0000014E 
           segment_decoder         00000150 
           state                   00000148 
           t1                      0000014A 
           t2                      0000014C 
    -------------------------------------------------------------------------
CODE
  Relative segment, address: CODE 0000008C - 000000A7 (0x1c bytes), align: 1
  Segment part 36.            Intra module refs:   TIMER1_OVF_intterupt::??INTVEC 56
           ENTRY                   ADDRESS         REF BY
           =====                   =======         ======
           TIMER1_OVF_intterupt    0000008C 
               interrupt function
    -------------------------------------------------------------------------
CODE
  Relative segment, address: CODE 000000A8 - 000000AD (0x6 bytes), align: 1
  Segment part 44.            Intra module refs:   led
    -------------------------------------------------------------------------
CODE
  Relative segment, address: CODE 000000AE - 000000B1 (0x4 bytes), align: 1
  Segment part 48.            Intra module refs:   led
    -------------------------------------------------------------------------
CODE
  Relative segment, address: CODE 000000B2 - 000000E7 (0x36 bytes), align: 1
  Segment part 50.            Intra module refs:   main
           ENTRY                   ADDRESS         REF BY
           =====                   =======         ======
           display                 000000B2 
               calls direct
    -------------------------------------------------------------------------
CODE
  Relative segment, address: CODE 000000E8 - 000000F3 (0xc bytes), align: 1
  Segment part 51.            Intra module refs:   Segment part 55
                                                   display
    -------------------------------------------------------------------------
CODE
  Relative segment, address: CODE 000000F4 - 000000F5 (0x2 bytes), align: 1
  Segment part 52.            Intra module refs:   display
    -------------------------------------------------------------------------
CODE
  Relative segment, address: CODE 000000F6 - 000000F9 (0x4 bytes), align: 1
  Segment part 53.            Intra module refs:   Segment part 52
                                                   display
    -------------------------------------------------------------------------
CODE
  Relative segment, address: CODE 000000FA - 0000010B (0x12 bytes), align: 1
  Segment part 54.            Intra module refs:   display
    -------------------------------------------------------------------------
CODE
  Relative segment, address: CODE 0000010C - 00000125 (0x1a bytes), align: 1
  Segment part 55.            Intra module refs:   display
    -------------------------------------------------------------------------
CODE
  Relative segment, address: CODE 00000126 - 000001F1 (0xcc bytes), align: 1
  Segment part 56.            Intra module refs:   main
           ENTRY                   ADDRESS         REF BY
           =====                   =======         ======
           led                     00000126 
               calls direct
    -------------------------------------------------------------------------
CODE
  Relative segment, address: CODE 000001F2 - 00000217 (0x26 bytes), align: 1
  Segment part 57.
           ENTRY                   ADDRESS         REF BY
           =====                   =======         ======
           main                    000001F2        ?cstartup_call_main (?C_STARTUP)
               calls direct
    -------------------------------------------------------------------------
ABSOLUTE
  Relative segment, address: DATA 0000001C, align: 0
  Segment part 12. ROOT 
           ENTRY                   ADDRESS         REF BY
           =====                   =======         ======
           __?EECR                 0000001C 
    -------------------------------------------------------------------------
ABSOLUTE
  Relative segment, address: DATA 0000001D, align: 0
  Segment part 13. ROOT 
           ENTRY                   ADDRESS         REF BY
           =====                   =======         ======
           __?EEDR                 0000001D 
    -------------------------------------------------------------------------
ABSOLUTE
  Relative segment, address: DATA 0000001E, align: 0
  Segment part 14. ROOT 
           ENTRY                   ADDRESS         REF BY
           =====                   =======         ======
           __?EEARL                0000001E 
    -------------------------------------------------------------------------
ABSOLUTE
  Relative segment, address: DATA 0000001F, align: 0
  Segment part 15. ROOT 
           ENTRY                   ADDRESS         REF BY
           =====                   =======         ======
           __?EEARH                0000001F 
    -------------------------------------------------------------------------
INTVEC
  Common segment, address: CODE 00000000 - 0000003B (0x3c bytes), align: 1
  Segment part 16. ROOT 
           ENTRY                   ADDRESS         REF BY
           =====                   =======         ======
           TIMER1_OVF_intterupt::??INTVEC 56
                                   00000038 
    -------------------------------------------------------------------------
NEAR_ID
  Relative segment, address: CODE 0000070A - 00000723 (0x1a bytes), align: 0
  Segment part 20.            Intra module refs:   Segment part 19
    -------------------------------------------------------------------------
INITTAB
  Relative segment, address: CODE 000006FC - 00000702 (0x7 bytes), align: 0
  Segment part 21.            Intra module refs:   Segment part 19
           ENTRY                   ADDRESS         REF BY
           =====                   =======         ======
           ?<Segment init: NEAR_I>
                                   000006FC 
    -------------------------------------------------------------------------
INITTAB
  Relative segment, address: CODE 00000703 - 00000709 (0x7 bytes), align: 0
  Segment part 23.            Intra module refs:   num_count
           ENTRY                   ADDRESS         REF BY
           =====                   =======         ======
           ?<Segment init: NEAR_Z>
                                   00000703 

    *************************************************************************

  FILE NAME : C:\Program Files (x86)\IAR Systems\Embedded Workbench 8.4\avr\LIB\DLIB\dlAVR-3s-ec_mul-n.r90
  LIBRARY MODULE, NAME : ?_exit

  SEGMENTS IN THE MODULE
  ======================
CODE
  Relative segment, address: CODE 00000218, align: 1
  Segment part 0.
           ENTRY                   ADDRESS         REF BY
           =====                   =======         ======
           _exit                   00000218        ?cstartup_call_main (?C_STARTUP)
                                                   exit (?exit)
    -------------------------------------------------------------------------
CODE
  Relative segment, address: CODE 00000218 - 0000021B (0x4 bytes), align: 1
  Segment part 5.             Intra module refs:   _exit

    -------------------------------------------------------------------------
  LIBRARY MODULE, NAME : ?RESET

  SEGMENTS IN THE MODULE
  ======================
INTVEC
  Common segment, address: CODE 00000000 - 00000003 (0x4 bytes), align: 1
  Segment part 0. ROOT 
           ENTRY                   ADDRESS         REF BY
           =====                   =======         ======
           ?RESET                  00000000        Segment part 2 (?C_STARTUP)

    -------------------------------------------------------------------------
  LIBRARY MODULE, NAME : ?C_STARTUP

  SEGMENTS IN THE MODULE
  ======================
CODE
  Relative segment, address: CODE 0000021C, align: 1
  Segment part 2.
           ENTRY                   ADDRESS         REF BY
           =====                   =======         ======
           __program_start         0000021C        Absolute parts (?ABS_ENTRY_MOD)
           ?C_STARTUP              0000021C        ?RESET (?RESET)
           __RESTART               0000021C 
    -------------------------------------------------------------------------
CODE
  Relative segment, address: CODE 0000021C - 00000227 (0xc bytes), align: 1
  Segment part 5.             Intra module refs:   Segment part 2
    -------------------------------------------------------------------------
CODE
  Relative segment, address: CODE 00000228 - 0000022B (0x4 bytes), align: 1
  Segment part 7.             Intra module refs:   Segment part 5
           ENTRY                   ADDRESS         REF BY
           =====                   =======         ======
           ?call_low_level_init    00000228 
    -------------------------------------------------------------------------
CODE
  Relative segment, address: CODE 0000022C - 00000233 (0x8 bytes), align: 1
  Segment part 8.
           ENTRY                   ADDRESS         REF BY
           =====                   =======         ======
           ?need_segment_init      0000022C        ?<Segment init: NEAR_I> (main)
                                                   ?<Segment init: NEAR_Z> (main)
    -------------------------------------------------------------------------
CODE
  Relative segment, address: CODE 00000234 - 0000023F (0xc bytes), align: 1
  Segment part 11.            Intra module refs:   ?call_low_level_init
           ENTRY                   ADDRESS         REF BY
           =====                   =======         ======
           ?cstartup_call_main     00000234 

    -------------------------------------------------------------------------
  LIBRARY MODULE, NAME : ?exit

  SEGMENTS IN THE MODULE
  ======================
CODE
  Relative segment, address: CODE 00000240 - 00000243 (0x4 bytes), align: 1
  Segment part 3.
           ENTRY                   ADDRESS         REF BY
           =====                   =======         ======
           exit                    00000240        ?cstartup_call_main (?C_STARTUP)
               calls direct

    -------------------------------------------------------------------------
  LIBRARY MODULE, NAME : ?US_DIVMOD_L02

  SEGMENTS IN THE MODULE
  ======================
CODE
  Relative segment, address: CODE 00000244 - 00000249 (0x6 bytes), align: 1
  Segment part 1.
           ENTRY                   ADDRESS         REF BY
           =====                   =======         ======
           ?US_DIVMOD_L02          00000244        ?SS_DIVMOD_L02 (?SS_DIVMOD_L02)
    -------------------------------------------------------------------------
CODE
  Relative segment, address: CODE 0000024A - 00000269 (0x20 bytes), align: 1
  Segment part 3.             Intra module refs:   ?US_DIVMOD_L02

    -------------------------------------------------------------------------
  LIBRARY MODULE, NAME : ?SS_DIVMOD_L02

  SEGMENTS IN THE MODULE
  ======================
CODE
  Relative segment, address: CODE 0000026A - 00000289 (0x20 bytes), align: 1
  Segment part 1.
           ENTRY                   ADDRESS         REF BY
           =====                   =======         ======
           ?SS_DIVMOD_L02          0000026A        Segment part 53 (main)
                                                   Segment part 55 (main)
    -------------------------------------------------------------------------
CODE
  Relative segment, address: CODE 0000028A - 00000291 (0x8 bytes), align: 1
  Segment part 2.             Intra module refs:   ?SS_DIVMOD_L02
           LOCAL                   ADDRESS         
           =====                   =======         
           ?NEG_P                  0000028A 
    -------------------------------------------------------------------------
CODE
  Relative segment, address: CODE 00000292 - 00000299 (0x8 bytes), align: 1
  Segment part 3.             Intra module refs:   ?SS_DIVMOD_L02
           LOCAL                   ADDRESS         
           =====                   =======         
           ?NEG_Q                  00000292 

    -------------------------------------------------------------------------
  LIBRARY MODULE, NAME : ?UL_SHR_L03

  SEGMENTS IN THE MODULE
  ======================
CODE
  Relative segment, address: CODE 0000029A - 000002A7 (0xe bytes), align: 1
  Segment part 0.
           ENTRY                   ADDRESS         REF BY
           =====                   =======         ======
           ?UL_SHR_L03             000002A2        ?SKIP8 (?FLOATS_L04)

    -------------------------------------------------------------------------
  LIBRARY MODULE, NAME : ?SL_DIVMOD_L03

  SEGMENTS IN THE MODULE
  ======================
CODE
  Relative segment, address: CODE 000002A8 - 000002B7 (0x10 bytes), align: 1
  Segment part 2.
           ENTRY                   ADDRESS         REF BY
           =====                   =======         ======
           ?L_NEG_L03              000002A8        ?SKIP8 (?FLOATS_L04)
                                                   ?SL2F_L04 (?FLOATS_L04)

    -------------------------------------------------------------------------
  LIBRARY MODULE, NAME : ?FLOATS_L04

  SEGMENTS IN THE MODULE
  ======================
CODE
  Relative segment, address: CODE 000002B8 - 000002C7 (0x10 bytes), align: 1
  Segment part 0.             Intra module refs:   ?F_ADD_L04
                                                   ?F_DIV_L04
                                                   ?F_MUL_L04
           ENTRY                   ADDRESS         REF BY
           =====                   =======         ======
           ?F_UNPACK_L04           000002B8 
    -------------------------------------------------------------------------
CODE
  Relative segment, address: CODE 000002C8 - 000002D9 (0x12 bytes), align: 1
  Segment part 1.             Intra module refs:   ?F2SL_L04
                                                   ?F_UNPACK_L04
           ENTRY                   ADDRESS         REF BY
           =====                   =======         ======
           ?F_UNPACK_1_L04         000002C8 
    -------------------------------------------------------------------------
CODE
  Relative segment, address: CODE 000002DA - 00000321 (0x48 bytes), align: 1
  Segment part 2.             Intra module refs:   ?F_ADD_L04
                                                   ?F_DIV_L04
                                                   ?F_MUL_L04
                                                   ?SL2F_2
           ENTRY                   ADDRESS         REF BY
           =====                   =======         ======
           ?F_ROUND_L04            000002EE 
           LOCAL                   ADDRESS         
           =====                   =======         
           ?F_NORMALIZE_L04        000002DA 
    -------------------------------------------------------------------------
CODE
  Relative segment, address: CODE 00000322 - 00000323 (0x2 bytes), align: 1
  Segment part 4.             Intra module refs:   ?F_ROUND_L04
    -------------------------------------------------------------------------
CODE
  Relative segment, address: CODE 00000324 - 0000032D (0xa bytes), align: 1
  Segment part 5.
           ENTRY                   ADDRESS         REF BY
           =====                   =======         ======
           ?SL2F_L04               00000324        led (main)
    -------------------------------------------------------------------------
CODE
  Relative segment, address: CODE 0000032E - 0000033B (0xe bytes), align: 1
  Segment part 6.             Intra module refs:   ?SL2F_L04
           LOCAL                   ADDRESS         
           =====                   =======         
           ?SL2F_2                 0000032E 
    -------------------------------------------------------------------------
CODE
  Relative segment, address: CODE 0000033C - 00000367 (0x2c bytes), align: 1
  Segment part 8.             Intra module refs:   ?F_ADD_L04
                                                   ?F_DIV_L04
                                                   ?F_MUL_L04
                                                   ?TEST_Q_L04
           ENTRY                   ADDRESS         REF BY
           =====                   =======         ======
           ?TEST_P_L04             0000033C 
    -------------------------------------------------------------------------
CODE
  Relative segment, address: CODE 00000368 - 00000385 (0x1e bytes), align: 1
  Segment part 9.             Intra module refs:   ?F_ADD_L04
                                                   ?F_DIV_L04
                                                   ?F_MUL_L04
                                                   Segment part 16
           ENTRY                   ADDRESS         REF BY
           =====                   =======         ======
           ?TEST_Q_L04             00000368 
    -------------------------------------------------------------------------
CODE
  Relative segment, address: CODE 00000386 - 00000423 (0x9e bytes), align: 1
  Segment part 10.            Intra module refs:   Segment part 16
           ENTRY                   ADDRESS         REF BY
           =====                   =======         ======
           ?F_ADD_L04              000003A6        led (main)
    -------------------------------------------------------------------------
CODE
  Relative segment, address: CODE 00000424 - 00000429 (0x6 bytes), align: 1
  Segment part 12.            Intra module refs:   ?F2SL_L04
                                                   ?F_ADD_L04
                                                   ?F_DIV_L04
                                                   ?F_MUL_L04
           ENTRY                   ADDRESS         REF BY
           =====                   =======         ======
           ?F_ZERO_L04             00000424 
    -------------------------------------------------------------------------
CODE
  Relative segment, address: CODE 0000042A - 0000042F (0x6 bytes), align: 1
  Segment part 13.            Intra module refs:   ?F_INFINITE_L04
                                                   ?F_NAN_L04
                                                   ?F_ZERO_L04
           LOCAL                   ADDRESS         
           =====                   =======         
           PX                      0000042A 
    -------------------------------------------------------------------------
CODE
  Relative segment, address: CODE 00000430 - 00000437 (0x8 bytes), align: 1
  Segment part 14.            Intra module refs:   ?F_DIV_L04
                                                   ?F_MUL_L04
                                                   Segment part 4
           ENTRY                   ADDRESS         REF BY
           =====                   =======         ======
           ?F_INFINITE_L04         00000430 
    -------------------------------------------------------------------------
CODE
  Relative segment, address: CODE 00000438 - 0000043D (0x6 bytes), align: 1
  Segment part 15.            Intra module refs:   ?F_ADD_L04
                                                   ?F_DIV_L04
                                                   ?F_MUL_L04
                                                   Segment part 16
           ENTRY                   ADDRESS         REF BY
           =====                   =======         ======
           ?F_NAN_L04              00000438 
    -------------------------------------------------------------------------
CODE
  Relative segment, address: CODE 0000043E - 00000457 (0x1a bytes), align: 1
  Segment part 16.            Intra module refs:   ?F_MUL_L04
    -------------------------------------------------------------------------
CODE
  Relative segment, address: CODE 00000458 - 00000521 (0xca bytes), align: 1
  Segment part 17.
           ENTRY                   ADDRESS         REF BY
           =====                   =======         ======
           ?F_MUL_L04              00000458        led (main)
    -------------------------------------------------------------------------
CODE
  Relative segment, address: CODE 00000522 - 00000625 (0x104 bytes), align: 1
  Segment part 22.
           ENTRY                   ADDRESS         REF BY
           =====                   =======         ======
           ?F_DIV_L04              00000542        led (main)
    -------------------------------------------------------------------------
CODE
  Relative segment, address: CODE 00000626 - 00000635 (0x10 bytes), align: 1
  Segment part 24.
           ENTRY                   ADDRESS         REF BY
           =====                   =======         ======
           ?F2SL_L04               00000626        Segment part 54 (main)
    -------------------------------------------------------------------------
CODE
  Relative segment, address: CODE 00000636 - 00000663 (0x2e bytes), align: 1
  Segment part 25.            Intra module refs:   ?F2SL_L04
           LOCAL                   ADDRESS         
           =====                   =======         
           ?SKIP8                  00000636 

    -------------------------------------------------------------------------
  LIBRARY MODULE, NAME : ?PROLOGUE_L09

  SEGMENTS IN THE MODULE
  ======================
CODE
  Relative segment, address: CODE 00000664 - 00000665 (0x2 bytes), align: 1
  Segment part 12.
           ENTRY                   ADDRESS         REF BY
           =====                   =======         ======
           ?PROLOGUE4_L09          00000664        Segment part 48 (main)
    -------------------------------------------------------------------------
CODE
  Relative segment, address: CODE 00000666 - 00000667 (0x2 bytes), align: 1
  Segment part 13.            Intra module refs:   ?PROLOGUE4_L09
           ENTRY                   ADDRESS         REF BY
           =====                   =======         ======
           ?PROLOGUE3_L09          00000666 
    -------------------------------------------------------------------------
CODE
  Relative segment, address: CODE 00000668 - 00000669 (0x2 bytes), align: 1
  Segment part 14.            Intra module refs:   ?PROLOGUE3_L09
           ENTRY                   ADDRESS         REF BY
           =====                   =======         ======
           ?PROLOGUE2_L09          00000668 
    -------------------------------------------------------------------------
CODE
  Relative segment, address: CODE 0000066A - 0000066B (0x2 bytes), align: 1
  Segment part 15.            Intra module refs:   ?PROLOGUE2_L09
           ENTRY                   ADDRESS         REF BY
           =====                   =======         ======
           ?PROLOGUE1_L09          0000066A 
    -------------------------------------------------------------------------
CODE
  Relative segment, address: CODE 0000066C - 0000066D (0x2 bytes), align: 1
  Segment part 16.            Intra module refs:   ?PROLOGUE1_L09

    -------------------------------------------------------------------------
  LIBRARY MODULE, NAME : ?EPILOGUE_B_L09

  SEGMENTS IN THE MODULE
  ======================
CODE
  Relative segment, address: CODE 0000066E - 0000066F (0x2 bytes), align: 1
  Segment part 12.
           ENTRY                   ADDRESS         REF BY
           =====                   =======         ======
           ?EPILOGUE_B4_L09        0000066E        Segment part 44 (main)
    -------------------------------------------------------------------------
CODE
  Relative segment, address: CODE 00000670 - 00000671 (0x2 bytes), align: 1
  Segment part 13.            Intra module refs:   ?EPILOGUE_B4_L09
           ENTRY                   ADDRESS         REF BY
           =====                   =======         ======
           ?EPILOGUE_B3_L09        00000670 
    -------------------------------------------------------------------------
CODE
  Relative segment, address: CODE 00000672 - 00000673 (0x2 bytes), align: 1
  Segment part 14.            Intra module refs:   ?EPILOGUE_B3_L09
           ENTRY                   ADDRESS         REF BY
           =====                   =======         ======
           ?EPILOGUE_B2_L09        00000672 
    -------------------------------------------------------------------------
CODE
  Relative segment, address: CODE 00000674 - 00000675 (0x2 bytes), align: 1
  Segment part 15.            Intra module refs:   ?EPILOGUE_B2_L09
           ENTRY                   ADDRESS         REF BY
           =====                   =======         ======
           ?EPILOGUE_B1_L09        00000674 
    -------------------------------------------------------------------------
CODE
  Relative segment, address: CODE 00000676 - 0000067F (0xa bytes), align: 1
  Segment part 16.            Intra module refs:   ?EPILOGUE_B1_L09
           ENTRY                   ADDRESS         REF BY
           =====                   =======         ======
           ?EPILOGUE_B0_L09        00000676 

    -------------------------------------------------------------------------
  LIBRARY MODULE, NAME : ?low_level_init

  SEGMENTS IN THE MODULE
  ======================
CODE
  Relative segment, address: CODE 00000680 - 00000683 (0x4 bytes), align: 1
  Segment part 3.
           ENTRY                   ADDRESS         REF BY
           =====                   =======         ======
           __low_level_init        00000680        ?call_low_level_init (?C_STARTUP)

    -------------------------------------------------------------------------
  LIBRARY MODULE, NAME : ?segment_init

  SEGMENTS IN THE MODULE
  ======================
CODE
  Relative segment, address: CODE 00000684 - 0000068F (0xc bytes), align: 1
  Segment part 3.             Intra module refs:   __segment_init
           LOCAL                   ADDRESS         
           =====                   =======         
           __memclr                00000684 
    -------------------------------------------------------------------------
CODE
  Relative segment, address: CODE 00000690 - 000006A3 (0x14 bytes), align: 1
  Segment part 4.             Intra module refs:   __segment_init
           LOCAL                   ADDRESS         
           =====                   =======         
           __flashcpy              00000690 
    -------------------------------------------------------------------------
CODE
  Relative segment, address: CODE 000006A4 - 000006F9 (0x56 bytes), align: 1
  Segment part 5.
           ENTRY                   ADDRESS         REF BY
           =====                   =======         ======
           __segment_init          000006A4        ?need_segment_init (?C_STARTUP)
               calls direct

    -------------------------------------------------------------------------
  LIBRARY MODULE, NAME : ?__exit

  SEGMENTS IN THE MODULE
  ======================
CODE
  Relative segment, address: CODE 000006FA - 000006FB (0x2 bytes), align: 1
  Segment part 3.
           ENTRY                   ADDRESS         REF BY
           =====                   =======         ======
           __exit                  000006FA        Segment part 5 (?_exit)

    *************************************************************************

  DEFINED ABSOLUTE ENTRIES
  PROGRAM MODULE, NAME : ?FILLER_BYTES

  SEGMENTS IN THE MODULE
  ======================
INTVEC
  Common segment, address: CODE 00000000 - 0000003B (0x3c bytes), align: 0
  Segment part 1.
    -------------------------------------------------------------------------
?FILL1
  Relative segment, address: CODE 0000003C - 0000008B (0x50 bytes), align: 0
  Segment part 0.




                ****************************************
                *                                      *
                *      SEGMENTS IN ADDRESS ORDER       *
                *                                      *
                ****************************************


SEGMENT              SPACE    START ADDRESS   END ADDRESS     SIZE  TYPE  ALIGN
=======              =====    =============   ===========     ====  ====  =====
INTVEC               CODE          00000000 - 0000003B          3C   com    1
?FILL1               CODE          0000003C - 0000008B          50   rel    0
CODE                 CODE          0000008C - 000006FB         670   rel    1
INITTAB              CODE          000006FC - 00000709           E   rel    0
NEAR_ID              CODE          0000070A - 00000723          1A   rel    0
ABSOLUTE             DATA               0000001C                     rel    0
                     DATA               0000001D                   
                     DATA               0000001E                   
                     DATA               0000001F                   
                     DATA          00000022 - 00000023           2 
                     DATA          00000034 - 00000035           2 
                     DATA          00000037 - 0000003B           5 
                     DATA          00000061 - 00000062           2 
CSTACK               DATA          00000100 - 0000011F          20   dse    0
RSTACK               DATA          00000120 - 0000013F          20   dse    0
NEAR_I               DATA          00000140 - 00000159          1A   rel    0
NEAR_Z               DATA          0000015A - 0000015A           1   rel    0

                ****************************************
                *                                      *
                *        END OF CROSS REFERENCE        *
                *                                      *
                ****************************************

 1 748 bytes of CODE memory (+             80 range fill )
    91 bytes of DATA memory (+ 11 absolute )

Errors: none
Warnings: none

